// Jest Snapshot v1, https://goo.gl/fbAQLP

exports[`<Popup> Render 1`] = `
<div
  className="browser-menu"
>
  <ul
    className="browser-menu-list"
  >
    <li
      className="browser-menu-list__item"
    >
      Start carousel
    </li>
    <li
      className="browser-menu-list__item"
      onClick={[Function]}
    >
      Settings
    </li>
  </ul>
</div>
`;
