// Jest Snapshot v1, https://goo.gl/fbAQLP

exports[`<Options> Simple render: no list, empty input 1`] = `
<div
  className="options"
>
  <form
    className={undefined}
    onSubmit={[Function]}
  >
    <div
      className="content-block"
    >
      <div
        className="row"
      >
        <div
          className="col-xs-9"
        >
          <div
            className="input-container"
          >
            <input
              className="form-control"
              disabled={undefined}
              onChange={[Function]}
              placeholder="Url"
              type="text"
              value=""
            />
          </div>
        </div>
        <div
          className="col-xs-3"
        >
          <button
            className="btn btn-default"
          >
            Add
          </button>
        </div>
      </div>
    </div>
  </form>
  <div>
    <h4>
      URL List
    </h4>
  </div>
</div>
`;
