// Jest Snapshot v1, https://goo.gl/fbAQLP

exports[`<Options> Simple render: no list, empty input 1`] = `
<div
  className="options"
>
  <div
    className="content-block"
  >
    <form
      className="row"
      onSubmit={[Function]}
    >
      <div
        className="col-xs-9"
      >
        <div
          className=""
        >
          <select
            className="form-control"
            disabled={undefined}
            onChange={[Function]}
            value="0"
          >
            <option
              disabled={true}
              value={-1}
            >
              Timeout
            </option>
            <option
              disabled={false}
              value={0}
            >
              5000
            </option>
            <option
              disabled={false}
              value={1}
            >
              7000
            </option>
            <option
              disabled={false}
              value={2}
            >
              10000
            </option>
          </select>
        </div>
      </div>
    </form>
    <hr />
    <form
      className="row"
      onSubmit={[Function]}
    >
      <div
        className="col-xs-9"
      >
        <div
          className="input-container"
        >
          <input
            className="form-control"
            disabled={undefined}
            onChange={[Function]}
            placeholder="Url"
            type="text"
            value=""
          />
        </div>
      </div>
      <div
        className="col-xs-3"
      >
        <button
          className="btn btn-default"
        >
          Add
        </button>
      </div>
    </form>
  </div>
  <div
    className="content-block"
  >
    <div>
      <h4>
        URL List
      </h4>
    </div>
  </div>
  <button
    className="btn btn-primary"
  >
    Save
  </button>
</div>
`;
